// Jest Snapshot v1, https://goo.gl/fbAQLP

exports[`Test GifGridItem.js Should render <GifGridItem /> 1`] = `
<div
  className="card animate__animated animate__fadeIn"
>
  <div
    className="card-image"
  >
    <a
      className="image is-4by3 animate__animated animate__fadeIn animate__fast"
      href="https://i.giphy.com/media/0qIdaOZwwr7zfQGXOY/giphy-downsized-medium.gif/tile"
      rel="noreferrer"
      target="_blank"
    >
      <img
        alt="Dragon Ball GIF by TOEI Animation UK"
        src="https://i.giphy.com/media/0qIdaOZwwr7zfQGXOY/giphy-downsized-medium.gif"
      />
    </a>
  </div>
  <div
    className="card-content"
  >
    <div
      className="media"
    >
      <div
        className="media-content"
      >
        <p
          className="title is-4"
        >
          Dragon Ball GIF by TOEI Animation UK
        </p>
      </div>
    </div>
  </div>
</div>
`;
